#-----------------------------------------------------------
# Vivado v2019.1.2 (64-bit)
# SW Build 2615518 on Fri Aug  9 15:53:29 MDT 2019
# IP Build 2614745 on Fri Aug  9 20:55:02 MDT 2019
# Start of session at: Wed Sep 25 13:08:29 2019
# Process ID: 1657
# Current directory: /home/crfosse/dds1/TFE4141-DDS1
# Command line: vivado
# Log file: /home/crfosse/dds1/TFE4141-DDS1/vivado.log
# Journal file: /home/crfosse/dds1/TFE4141-DDS1/vivado.jou
#-----------------------------------------------------------
start_gui
open_project /home/crfosse/dds1/TFE4141-DDS1/assignment_5/assignment_5.xpr
update_compile_order -fileset sources_1
launch_simulation
source mega_adder_tb.tcl
restart
run 300 ns
restart
run 300 ns
close_sim
launch_simulation
source mega_adder_tb.tcl
reset_run synth_1
launch_runs synth_1
wait_on_run synth_1
open_run synth_1 -name synth_1
report_timing_summary -delay_type min_max -report_unconstrained -check_timing_verbose -max_paths 10 -input_pins -routable_nets -name timing_1
close_sim
